
[1m[46m RUN [49m[22m [36mv4.0.18 [39m[90mC:/Users/BryanAbraham/OneDrive - Mobileware Technologies Pvt Ltd/Desktop/BrowsEZ/learning/CRONs[39m

 [32m✓[39m src/types/types.test.ts [2m([22m[2m2 tests[22m[2m)[22m[32m 59[2mms[22m[39m

[2m Test Files [22m [1m[32m1 passed[39m[22m[90m (1)[39m
[2m      Tests [22m [1m[32m2 passed[39m[22m[90m (2)[39m
[2m   Start at [22m 15:20:41
[2m   Duration [22m 764ms[2m (transform 63ms, setup 0ms, import 387ms, tests 59ms, environment 0ms)[22m

